================================================================================
CONSISTENCY-FOCUSED DECAY PARAMETER OPTIMIZATION (SHARPE RATIO)
================================================================================

Objective: Maximize Sharpe ratio (mean ROI / std ROI) across validation windows
Method: Rolling window analysis on VALIDATION data only
OOS: Completely untouched during optimization - used only for final blind test

Total training data: 8023 fights
Validation data (last year): 508 fights

GA Configuration: Pop=20, Gen=15, Cx=0.7, Mut=0.3
Optimizing for Sharpe ratio on validation windows...

gen	nevals	max   	mean  
0  	20    	-1e+10	-1e+10
1  	16    	-1e+10	-1e+10
2  	18    	-1e+10	-1e+10
3  	18    	-1e+10	-1e+10
4  	13    	-1e+10	-1e+10
5  	19    	-1e+10	-1e+10
6  	18    	-1e+10	-1e+10
7  	14    	-1e+10	-1e+10
8  	19    	-1e+10	-1e+10
9  	17    	-1e+10	-1e+10
10 	14    	-1e+10	-1e+10
11 	17    	-1e+10	-1e+10
12 	13    	-1e+10	-1e+10
13 	15    	-1e+10	-1e+10
14 	20    	-1e+10	-1e+10
15 	17    	-1e+10	-1e+10

================================================================================
FINAL RESULTS - CONSISTENCY OPTIMIZATION
================================================================================

Best parameters (by Sharpe ratio on validation windows):
  Quick succession days: 58.3
  Quick succession bump: 1.1326x (13.26% boost)
  Decay days: 253.3 (~8.4 months)
  Decay rate: 0.004074
  Sharpe-based fitness: -10000000000.0000

Running final validation evaluation...
Traceback (most recent call last):
  File "/home/runner/work/elo_research/elo_research/optimize_decay_ga_consistency_FINAL.py", line 408, in <module>
    main()
  File "/home/runner/work/elo_research/elo_research/optimize_decay_ga_consistency_FINAL.py", line 306, in main
    val_roi, val_fights = calculate_roi_for_window(val_result)
                          ^^^^^^^^^^^^^^^^^^^^^^^^^^^^^^^^^^^^
  File "/home/runner/work/elo_research/elo_research/optimize_decay_ga_consistency_FINAL.py", line 98, in calculate_roi_for_window
    df_eval = df_window[df_window['postcomp_boutcount'] > 1].copy()
                        ^^^^^^^^^^^^^^^^^^^^^^^^^^^^^^^^^^^
  File "/home/runner/.local/lib/python3.12/site-packages/pandas/core/ops/common.py", line 76, in new_method
    return method(self, other)
           ^^^^^^^^^^^^^^^^^^^
  File "/home/runner/.local/lib/python3.12/site-packages/pandas/core/arraylike.py", line 56, in __gt__
    return self._cmp_method(other, operator.gt)
           ^^^^^^^^^^^^^^^^^^^^^^^^^^^^^^^^^^^^
  File "/home/runner/.local/lib/python3.12/site-packages/pandas/core/series.py", line 6138, in _cmp_method
    res_values = ops.comparison_op(lvalues, rvalues, op)
                 ^^^^^^^^^^^^^^^^^^^^^^^^^^^^^^^^^^^^^^^
  File "/home/runner/.local/lib/python3.12/site-packages/pandas/core/ops/array_ops.py", line 344, in comparison_op
    res_values = comp_method_OBJECT_ARRAY(op, lvalues, rvalues)
                 ^^^^^^^^^^^^^^^^^^^^^^^^^^^^^^^^^^^^^^^^^^^^^^
  File "/home/runner/.local/lib/python3.12/site-packages/pandas/core/ops/array_ops.py", line 129, in comp_method_OBJECT_ARRAY
    result = libops.scalar_compare(x.ravel(), y, op)
             ^^^^^^^^^^^^^^^^^^^^^^^^^^^^^^^^^^^^^^^
  File "pandas/_libs/ops.pyx", line 107, in pandas._libs.ops.scalar_compare
TypeError: '>' not supported between instances of 'str' and 'int'
