/home/runner/.local/lib/python3.12/site-packages/numpy/_core/_methods.py:188: RuntimeWarning: invalid value encountered in subtract
  x = um.subtract(arr, arrmean, out=...)
/home/runner/.local/lib/python3.12/site-packages/numpy/_core/_methods.py:188: RuntimeWarning: invalid value encountered in subtract
  x = um.subtract(arr, arrmean, out=...)
/home/runner/.local/lib/python3.12/site-packages/numpy/_core/_methods.py:188: RuntimeWarning: invalid value encountered in subtract
  x = um.subtract(arr, arrmean, out=...)
/home/runner/.local/lib/python3.12/site-packages/numpy/_core/_methods.py:188: RuntimeWarning: invalid value encountered in subtract
  x = um.subtract(arr, arrmean, out=...)
/home/runner/.local/lib/python3.12/site-packages/numpy/_core/_methods.py:188: RuntimeWarning: invalid value encountered in subtract
  x = um.subtract(arr, arrmean, out=...)
/home/runner/.local/lib/python3.12/site-packages/numpy/_core/_methods.py:188: RuntimeWarning: invalid value encountered in subtract
  x = um.subtract(arr, arrmean, out=...)
/home/runner/.local/lib/python3.12/site-packages/numpy/_core/_methods.py:188: RuntimeWarning: invalid value encountered in subtract
  x = um.subtract(arr, arrmean, out=...)
================================================================================
CONSISTENCY-FOCUSED DECAY PARAMETER OPTIMIZATION
================================================================================

Objective: Maximize Sharpe ratio (mean ROI / std ROI) across validation windows
Method: Rolling window analysis on validation data only
OOS: Completely untouched - used only for final blind test

GA Configuration: Pop=20, Gen=15, Cx=0.7, Mut=0.3

Evaluating initial population...
Initial best fitness: 102015.9023


================================================================================
GENERATION 1/15
================================================================================

Best Sharpe-based fitness: 51354.9847
Parameters: days=96.9, bump=1.1500, decay_days=246.1, rate=0.010000

================================================================================
GENERATION 2/15
================================================================================

Best Sharpe-based fitness: 51354.9847
Parameters: days=96.9, bump=1.1500, decay_days=246.1, rate=0.010000

================================================================================
GENERATION 3/15
================================================================================

Best Sharpe-based fitness: 88535.9754
Parameters: days=109.5, bump=1.1364, decay_days=247.5, rate=0.010208

================================================================================
GENERATION 4/15
================================================================================

Best Sharpe-based fitness: 401176.2791
Parameters: days=109.5, bump=1.1500, decay_days=247.6, rate=0.010000

================================================================================
GENERATION 5/15
================================================================================

Best Sharpe-based fitness: 332317.9206
Parameters: days=99.2, bump=1.1490, decay_days=247.4, rate=0.009651

================================================================================
GENERATION 6/15
================================================================================

Best Sharpe-based fitness: 369114.6008
Parameters: days=110.5, bump=1.1493, decay_days=244.1, rate=0.009716

================================================================================
GENERATION 7/15
================================================================================

Best Sharpe-based fitness: 4199550.9596
Parameters: days=121.0, bump=1.1430, decay_days=247.1, rate=0.008043

================================================================================
GENERATION 8/15
================================================================================

Best Sharpe-based fitness: 2756006.0152
Parameters: days=121.0, bump=1.1408, decay_days=247.4, rate=0.008090

================================================================================
GENERATION 9/15
================================================================================

Best Sharpe-based fitness: 23561931.7994
Parameters: days=120.2, bump=1.1533, decay_days=244.2, rate=0.009028

================================================================================
GENERATION 10/15
================================================================================

Best Sharpe-based fitness: 230569272.9133
Parameters: days=120.0, bump=1.1423, decay_days=247.3, rate=0.000100

================================================================================
GENERATION 11/15
================================================================================

Best Sharpe-based fitness: 5315390322.2257
Parameters: days=120.0, bump=1.1500, decay_days=244.3, rate=0.000100

================================================================================
GENERATION 12/15
================================================================================

Best Sharpe-based fitness: 1271924486462262310472019269866955843424135327880587484972677472723970288605267659445840748901924705766254115718955008.0000
Parameters: days=118.9, bump=1.1499, decay_days=246.1, rate=-0.001033

================================================================================
GENERATION 13/15
================================================================================

Best Sharpe-based fitness: inf
Parameters: days=118.3, bump=1.1550, decay_days=248.2, rate=-0.002373

================================================================================
GENERATION 14/15
================================================================================

Best Sharpe-based fitness: inf
Parameters: days=121.3, bump=1.1571, decay_days=245.8, rate=-0.003798

================================================================================
GENERATION 15/15
================================================================================

Best Sharpe-based fitness: inf
Parameters: days=121.0, bump=1.1577, decay_days=240.1, rate=-0.001451

================================================================================
FINAL EVALUATION
================================================================================

Best parameters (by Sharpe ratio):
  Quick succession days: 118.3
  Quick succession bump: 1.1550x
  Decay days: 248.2
  Decay rate: -0.002373
  Fitness (Sharpe): inf

Calculating final validation and OOS metrics...

Validation Performance:
  ROI: inf%
  Accuracy: 48.23%
  Fights: 508

Could not evaluate OOS: 'DATE'
Traceback (most recent call last):
  File "/home/runner/work/elo_research/elo_research/optimize_decay_ga_consistency_final.py", line 367, in <module>
    main()
  File "/home/runner/work/elo_research/elo_research/optimize_decay_ga_consistency_final.py", line 355, in main
    'oos_performance': {'roi': float(oos_roi) if oos_roi else None, 'accuracy': float(oos_acc) if oos_acc else None, 'n_fights': len(oos_results) if oos_results else 0},
                                                                                                                                                     ^^^^^^^^^^^
UnboundLocalError: cannot access local variable 'oos_results' where it is not associated with a value
