================================================================================
CONSISTENCY-FOCUSED DECAY PARAMETER OPTIMIZATION (SHARPE RATIO)
================================================================================

Objective: Maximize Sharpe ratio (mean ROI / std ROI) across validation windows
Method: Rolling window analysis on VALIDATION data only
OOS: Completely untouched during optimization - used only for final blind test

Total training data: 8023 fights
Validation data (last year): 508 fights

GA Configuration: Pop=20, Gen=15, Cx=0.7, Mut=0.3
Optimizing for Sharpe ratio on validation windows...

Error in evaluation: 'boutcount'
Error in evaluation: 'boutcount'
Error in evaluation: 'boutcount'
Error in evaluation: 'boutcount'
Error in evaluation: 'boutcount'
Error in evaluation: 'boutcount'
Error in evaluation: 'boutcount'
Error in evaluation: 'boutcount'
Error in evaluation: 'boutcount'
Error in evaluation: 'boutcount'
Error in evaluation: 'boutcount'
Error in evaluation: 'boutcount'
Error in evaluation: 'boutcount'
Error in evaluation: 'boutcount'
Error in evaluation: 'boutcount'
Error in evaluation: 'boutcount'
Error in evaluation: 'boutcount'
Error in evaluation: 'boutcount'
Error in evaluation: 'boutcount'
Error in evaluation: 'boutcount'
gen	nevals	max   	mean  
0  	20    	-1e+10	-1e+10
Error in evaluation: 'boutcount'
Error in evaluation: 'boutcount'
Error in evaluation: 'boutcount'
Error in evaluation: 'boutcount'
Error in evaluation: 'boutcount'
Error in evaluation: 'boutcount'
Error in evaluation: 'boutcount'
Error in evaluation: 'boutcount'
1  	14    	-1e+10	-1e+10
Error in evaluation: 'boutcount'
Error in evaluation: 'boutcount'
Error in evaluation: 'boutcount'
Error in evaluation: 'boutcount'
Error in evaluation: 'boutcount'
Error in evaluation: 'boutcount'
Error in evaluation: 'boutcount'
Error in evaluation: 'boutcount'
Error in evaluation: 'boutcount'
2  	18    	-1e+10	-1e+10
Error in evaluation: 'boutcount'
Error in evaluation: 'boutcount'
Error in evaluation: 'boutcount'
Error in evaluation: 'boutcount'
Error in evaluation: 'boutcount'
Error in evaluation: 'boutcount'
Error in evaluation: 'boutcount'
3  	17    	-1e+10	-1e+10
Error in evaluation: 'boutcount'
Error in evaluation: 'boutcount'
Error in evaluation: 'boutcount'
Error in evaluation: 'boutcount'
4  	17    	-1e+10	-1e+10
Error in evaluation: 'boutcount'
5  	18    	-1e+10	-1e+10
Error in evaluation: 'boutcount'
Error in evaluation: 'boutcount'
6  	18    	-1e+10	-1e+10
7  	13    	-1e+10	-1e+10
8  	16    	-1e+10	-1e+10
9  	15    	-1e+10	-1e+10
10 	13    	-1e+10	-1e+10
11 	19    	-1e+10	-1e+10
12 	12    	-1e+10	-1e+10
13 	13    	-1e+10	-1e+10
14 	10    	-1e+10	-1e+10
15 	17    	-1e+10	-1e+10

================================================================================
FINAL RESULTS - CONSISTENCY OPTIMIZATION
================================================================================

Best parameters (by Sharpe ratio on validation windows):
  Quick succession days: 81.5
  Quick succession bump: 1.1440x (14.40% boost)
  Decay days: 589.3 (~19.6 months)
  Decay rate: 0.006739
  Sharpe-based fitness: -10000000000.0000

Running final validation evaluation...
Traceback (most recent call last):
  File "/home/runner/.local/lib/python3.12/site-packages/pandas/core/indexes/base.py", line 3812, in get_loc
    return self._engine.get_loc(casted_key)
           ^^^^^^^^^^^^^^^^^^^^^^^^^^^^^^^^
  File "pandas/_libs/index.pyx", line 167, in pandas._libs.index.IndexEngine.get_loc
  File "pandas/_libs/index.pyx", line 196, in pandas._libs.index.IndexEngine.get_loc
  File "pandas/_libs/hashtable_class_helper.pxi", line 7088, in pandas._libs.hashtable.PyObjectHashTable.get_item
  File "pandas/_libs/hashtable_class_helper.pxi", line 7096, in pandas._libs.hashtable.PyObjectHashTable.get_item
KeyError: 'boutcount'

The above exception was the direct cause of the following exception:

Traceback (most recent call last):
  File "/home/runner/work/elo_research/elo_research/optimize_decay_ga_consistency_final_v2.py", line 407, in <module>
    main()
  File "/home/runner/work/elo_research/elo_research/optimize_decay_ga_consistency_final_v2.py", line 307, in main
    val_roi, val_fights = calculate_roi_for_window(val_result)
                          ^^^^^^^^^^^^^^^^^^^^^^^^^^^^^^^^^^^^
  File "/home/runner/work/elo_research/elo_research/optimize_decay_ga_consistency_final_v2.py", line 98, in calculate_roi_for_window
    df_eval = df_window[df_window['boutcount'] > 1].copy()
                        ~~~~~~~~~^^^^^^^^^^^^^
  File "/home/runner/.local/lib/python3.12/site-packages/pandas/core/frame.py", line 4113, in __getitem__
    indexer = self.columns.get_loc(key)
              ^^^^^^^^^^^^^^^^^^^^^^^^^
  File "/home/runner/.local/lib/python3.12/site-packages/pandas/core/indexes/base.py", line 3819, in get_loc
    raise KeyError(key) from err
KeyError: 'boutcount'
