/home/runner/.local/lib/python3.12/site-packages/numpy/_core/_methods.py:188: RuntimeWarning: invalid value encountered in subtract
  x = um.subtract(arr, arrmean, out=...)
/home/runner/.local/lib/python3.12/site-packages/numpy/_core/_methods.py:188: RuntimeWarning: invalid value encountered in subtract
  x = um.subtract(arr, arrmean, out=...)
/home/runner/.local/lib/python3.12/site-packages/numpy/_core/_methods.py:188: RuntimeWarning: invalid value encountered in subtract
  x = um.subtract(arr, arrmean, out=...)
/home/runner/.local/lib/python3.12/site-packages/numpy/_core/_methods.py:188: RuntimeWarning: invalid value encountered in subtract
  x = um.subtract(arr, arrmean, out=...)
/home/runner/.local/lib/python3.12/site-packages/numpy/_core/_methods.py:188: RuntimeWarning: invalid value encountered in subtract
  x = um.subtract(arr, arrmean, out=...)
/home/runner/.local/lib/python3.12/site-packages/numpy/_core/_methods.py:188: RuntimeWarning: invalid value encountered in subtract
  x = um.subtract(arr, arrmean, out=...)
/home/runner/.local/lib/python3.12/site-packages/numpy/_core/_methods.py:188: RuntimeWarning: invalid value encountered in subtract
  x = um.subtract(arr, arrmean, out=...)
/home/runner/.local/lib/python3.12/site-packages/numpy/_core/_methods.py:190: RuntimeWarning: overflow encountered in square
  x = um.square(x, out=x)
/home/runner/.local/lib/python3.12/site-packages/numpy/_core/_methods.py:188: RuntimeWarning: invalid value encountered in subtract
  x = um.subtract(arr, arrmean, out=...)
/home/runner/.local/lib/python3.12/site-packages/numpy/_core/_methods.py:188: RuntimeWarning: invalid value encountered in subtract
  x = um.subtract(arr, arrmean, out=...)
/home/runner/.local/lib/python3.12/site-packages/numpy/_core/_methods.py:188: RuntimeWarning: invalid value encountered in subtract
  x = um.subtract(arr, arrmean, out=...)
/home/runner/.local/lib/python3.12/site-packages/numpy/_core/_methods.py:188: RuntimeWarning: invalid value encountered in subtract
  x = um.subtract(arr, arrmean, out=...)
/home/runner/.local/lib/python3.12/site-packages/numpy/_core/_methods.py:188: RuntimeWarning: invalid value encountered in subtract
  x = um.subtract(arr, arrmean, out=...)
/home/runner/.local/lib/python3.12/site-packages/numpy/_core/_methods.py:188: RuntimeWarning: invalid value encountered in subtract
  x = um.subtract(arr, arrmean, out=...)
/home/runner/.local/lib/python3.12/site-packages/numpy/_core/_methods.py:188: RuntimeWarning: invalid value encountered in subtract
  x = um.subtract(arr, arrmean, out=...)
/home/runner/.local/lib/python3.12/site-packages/numpy/_core/_methods.py:190: RuntimeWarning: overflow encountered in square
  x = um.square(x, out=x)
/home/runner/.local/lib/python3.12/site-packages/numpy/_core/_methods.py:188: RuntimeWarning: invalid value encountered in subtract
  x = um.subtract(arr, arrmean, out=...)
/home/runner/.local/lib/python3.12/site-packages/numpy/_core/_methods.py:188: RuntimeWarning: invalid value encountered in subtract
  x = um.subtract(arr, arrmean, out=...)
/home/runner/.local/lib/python3.12/site-packages/numpy/_core/_methods.py:188: RuntimeWarning: invalid value encountered in subtract
  x = um.subtract(arr, arrmean, out=...)
/home/runner/.local/lib/python3.12/site-packages/numpy/_core/_methods.py:188: RuntimeWarning: invalid value encountered in subtract
  x = um.subtract(arr, arrmean, out=...)
/home/runner/.local/lib/python3.12/site-packages/numpy/_core/_methods.py:188: RuntimeWarning: invalid value encountered in subtract
  x = um.subtract(arr, arrmean, out=...)
/home/runner/.local/lib/python3.12/site-packages/numpy/_core/_methods.py:188: RuntimeWarning: invalid value encountered in subtract
  x = um.subtract(arr, arrmean, out=...)
/home/runner/.local/lib/python3.12/site-packages/numpy/_core/_methods.py:188: RuntimeWarning: invalid value encountered in subtract
  x = um.subtract(arr, arrmean, out=...)
/home/runner/.local/lib/python3.12/site-packages/numpy/_core/_methods.py:188: RuntimeWarning: invalid value encountered in subtract
  x = um.subtract(arr, arrmean, out=...)
/home/runner/.local/lib/python3.12/site-packages/numpy/_core/_methods.py:188: RuntimeWarning: invalid value encountered in subtract
  x = um.subtract(arr, arrmean, out=...)
/home/runner/.local/lib/python3.12/site-packages/numpy/_core/_methods.py:188: RuntimeWarning: invalid value encountered in subtract
  x = um.subtract(arr, arrmean, out=...)
/home/runner/.local/lib/python3.12/site-packages/numpy/_core/_methods.py:188: RuntimeWarning: invalid value encountered in subtract
  x = um.subtract(arr, arrmean, out=...)
/home/runner/.local/lib/python3.12/site-packages/numpy/_core/_methods.py:188: RuntimeWarning: invalid value encountered in subtract
  x = um.subtract(arr, arrmean, out=...)
/home/runner/.local/lib/python3.12/site-packages/numpy/_core/_methods.py:188: RuntimeWarning: invalid value encountered in subtract
  x = um.subtract(arr, arrmean, out=...)
/home/runner/.local/lib/python3.12/site-packages/numpy/_core/_methods.py:188: RuntimeWarning: invalid value encountered in subtract
  x = um.subtract(arr, arrmean, out=...)
/home/runner/.local/lib/python3.12/site-packages/numpy/_core/_methods.py:188: RuntimeWarning: invalid value encountered in subtract
  x = um.subtract(arr, arrmean, out=...)
/home/runner/.local/lib/python3.12/site-packages/numpy/_core/_methods.py:188: RuntimeWarning: invalid value encountered in subtract
  x = um.subtract(arr, arrmean, out=...)
/home/runner/.local/lib/python3.12/site-packages/numpy/_core/_methods.py:188: RuntimeWarning: invalid value encountered in subtract
  x = um.subtract(arr, arrmean, out=...)
/home/runner/.local/lib/python3.12/site-packages/numpy/_core/_methods.py:188: RuntimeWarning: invalid value encountered in subtract
  x = um.subtract(arr, arrmean, out=...)
/home/runner/.local/lib/python3.12/site-packages/numpy/_core/_methods.py:188: RuntimeWarning: invalid value encountered in subtract
  x = um.subtract(arr, arrmean, out=...)
/home/runner/.local/lib/python3.12/site-packages/numpy/_core/_methods.py:188: RuntimeWarning: invalid value encountered in subtract
  x = um.subtract(arr, arrmean, out=...)
/home/runner/.local/lib/python3.12/site-packages/numpy/_core/_methods.py:188: RuntimeWarning: invalid value encountered in subtract
  x = um.subtract(arr, arrmean, out=...)
/home/runner/.local/lib/python3.12/site-packages/numpy/_core/_methods.py:188: RuntimeWarning: invalid value encountered in subtract
  x = um.subtract(arr, arrmean, out=...)
/home/runner/.local/lib/python3.12/site-packages/numpy/_core/_methods.py:188: RuntimeWarning: invalid value encountered in subtract
  x = um.subtract(arr, arrmean, out=...)
/home/runner/.local/lib/python3.12/site-packages/numpy/_core/_methods.py:188: RuntimeWarning: invalid value encountered in subtract
  x = um.subtract(arr, arrmean, out=...)
/home/runner/.local/lib/python3.12/site-packages/numpy/_core/_methods.py:188: RuntimeWarning: invalid value encountered in subtract
  x = um.subtract(arr, arrmean, out=...)
/home/runner/.local/lib/python3.12/site-packages/numpy/_core/_methods.py:188: RuntimeWarning: invalid value encountered in subtract
  x = um.subtract(arr, arrmean, out=...)
/home/runner/.local/lib/python3.12/site-packages/numpy/_core/_methods.py:188: RuntimeWarning: invalid value encountered in subtract
  x = um.subtract(arr, arrmean, out=...)
/home/runner/.local/lib/python3.12/site-packages/numpy/_core/_methods.py:188: RuntimeWarning: invalid value encountered in subtract
  x = um.subtract(arr, arrmean, out=...)
/home/runner/.local/lib/python3.12/site-packages/numpy/_core/_methods.py:188: RuntimeWarning: invalid value encountered in subtract
  x = um.subtract(arr, arrmean, out=...)
/home/runner/.local/lib/python3.12/site-packages/numpy/_core/_methods.py:188: RuntimeWarning: invalid value encountered in subtract
  x = um.subtract(arr, arrmean, out=...)
/home/runner/.local/lib/python3.12/site-packages/numpy/_core/_methods.py:188: RuntimeWarning: invalid value encountered in subtract
  x = um.subtract(arr, arrmean, out=...)
/home/runner/.local/lib/python3.12/site-packages/numpy/_core/_methods.py:188: RuntimeWarning: invalid value encountered in subtract
  x = um.subtract(arr, arrmean, out=...)
/home/runner/.local/lib/python3.12/site-packages/numpy/_core/_methods.py:188: RuntimeWarning: invalid value encountered in subtract
  x = um.subtract(arr, arrmean, out=...)
/home/runner/.local/lib/python3.12/site-packages/numpy/_core/_methods.py:188: RuntimeWarning: invalid value encountered in subtract
  x = um.subtract(arr, arrmean, out=...)
/home/runner/.local/lib/python3.12/site-packages/numpy/_core/_methods.py:188: RuntimeWarning: invalid value encountered in subtract
  x = um.subtract(arr, arrmean, out=...)
/home/runner/.local/lib/python3.12/site-packages/numpy/_core/_methods.py:188: RuntimeWarning: invalid value encountered in subtract
  x = um.subtract(arr, arrmean, out=...)
/home/runner/.local/lib/python3.12/site-packages/numpy/_core/_methods.py:188: RuntimeWarning: invalid value encountered in subtract
  x = um.subtract(arr, arrmean, out=...)
/home/runner/.local/lib/python3.12/site-packages/numpy/_core/_methods.py:188: RuntimeWarning: invalid value encountered in subtract
  x = um.subtract(arr, arrmean, out=...)
/home/runner/.local/lib/python3.12/site-packages/numpy/_core/_methods.py:188: RuntimeWarning: invalid value encountered in subtract
  x = um.subtract(arr, arrmean, out=...)
/home/runner/.local/lib/python3.12/site-packages/numpy/_core/_methods.py:188: RuntimeWarning: invalid value encountered in subtract
  x = um.subtract(arr, arrmean, out=...)
/home/runner/.local/lib/python3.12/site-packages/numpy/_core/_methods.py:188: RuntimeWarning: invalid value encountered in subtract
  x = um.subtract(arr, arrmean, out=...)
/home/runner/.local/lib/python3.12/site-packages/numpy/_core/_methods.py:188: RuntimeWarning: invalid value encountered in subtract
  x = um.subtract(arr, arrmean, out=...)
/home/runner/.local/lib/python3.12/site-packages/numpy/_core/_methods.py:188: RuntimeWarning: invalid value encountered in subtract
  x = um.subtract(arr, arrmean, out=...)
/home/runner/.local/lib/python3.12/site-packages/numpy/_core/_methods.py:188: RuntimeWarning: invalid value encountered in subtract
  x = um.subtract(arr, arrmean, out=...)
/home/runner/.local/lib/python3.12/site-packages/numpy/_core/_methods.py:188: RuntimeWarning: invalid value encountered in subtract
  x = um.subtract(arr, arrmean, out=...)
/home/runner/.local/lib/python3.12/site-packages/numpy/_core/_methods.py:188: RuntimeWarning: invalid value encountered in subtract
  x = um.subtract(arr, arrmean, out=...)
/home/runner/.local/lib/python3.12/site-packages/numpy/_core/_methods.py:188: RuntimeWarning: invalid value encountered in subtract
  x = um.subtract(arr, arrmean, out=...)
/home/runner/.local/lib/python3.12/site-packages/numpy/_core/_methods.py:188: RuntimeWarning: invalid value encountered in subtract
  x = um.subtract(arr, arrmean, out=...)
/home/runner/.local/lib/python3.12/site-packages/numpy/_core/_methods.py:188: RuntimeWarning: invalid value encountered in subtract
  x = um.subtract(arr, arrmean, out=...)
/home/runner/.local/lib/python3.12/site-packages/numpy/_core/_methods.py:188: RuntimeWarning: invalid value encountered in subtract
  x = um.subtract(arr, arrmean, out=...)
/home/runner/.local/lib/python3.12/site-packages/numpy/_core/_methods.py:188: RuntimeWarning: invalid value encountered in subtract
  x = um.subtract(arr, arrmean, out=...)
/home/runner/.local/lib/python3.12/site-packages/numpy/_core/_methods.py:188: RuntimeWarning: invalid value encountered in subtract
  x = um.subtract(arr, arrmean, out=...)
/home/runner/.local/lib/python3.12/site-packages/numpy/_core/_methods.py:188: RuntimeWarning: invalid value encountered in subtract
  x = um.subtract(arr, arrmean, out=...)
/home/runner/.local/lib/python3.12/site-packages/numpy/_core/_methods.py:188: RuntimeWarning: invalid value encountered in subtract
  x = um.subtract(arr, arrmean, out=...)
/home/runner/.local/lib/python3.12/site-packages/numpy/_core/_methods.py:188: RuntimeWarning: invalid value encountered in subtract
  x = um.subtract(arr, arrmean, out=...)
/home/runner/.local/lib/python3.12/site-packages/numpy/_core/_methods.py:188: RuntimeWarning: invalid value encountered in subtract
  x = um.subtract(arr, arrmean, out=...)
/home/runner/.local/lib/python3.12/site-packages/numpy/_core/_methods.py:188: RuntimeWarning: invalid value encountered in subtract
  x = um.subtract(arr, arrmean, out=...)
/home/runner/.local/lib/python3.12/site-packages/numpy/_core/_methods.py:188: RuntimeWarning: invalid value encountered in subtract
  x = um.subtract(arr, arrmean, out=...)
/home/runner/.local/lib/python3.12/site-packages/numpy/_core/_methods.py:188: RuntimeWarning: invalid value encountered in subtract
  x = um.subtract(arr, arrmean, out=...)
/home/runner/.local/lib/python3.12/site-packages/numpy/_core/_methods.py:188: RuntimeWarning: invalid value encountered in subtract
  x = um.subtract(arr, arrmean, out=...)
/home/runner/.local/lib/python3.12/site-packages/numpy/_core/_methods.py:188: RuntimeWarning: invalid value encountered in subtract
  x = um.subtract(arr, arrmean, out=...)
/home/runner/.local/lib/python3.12/site-packages/numpy/_core/_methods.py:188: RuntimeWarning: invalid value encountered in subtract
  x = um.subtract(arr, arrmean, out=...)
/home/runner/.local/lib/python3.12/site-packages/numpy/_core/_methods.py:188: RuntimeWarning: invalid value encountered in subtract
  x = um.subtract(arr, arrmean, out=...)
/home/runner/.local/lib/python3.12/site-packages/numpy/_core/_methods.py:188: RuntimeWarning: invalid value encountered in subtract
  x = um.subtract(arr, arrmean, out=...)
/home/runner/.local/lib/python3.12/site-packages/numpy/_core/_methods.py:188: RuntimeWarning: invalid value encountered in subtract
  x = um.subtract(arr, arrmean, out=...)
/home/runner/.local/lib/python3.12/site-packages/numpy/_core/_methods.py:188: RuntimeWarning: invalid value encountered in subtract
  x = um.subtract(arr, arrmean, out=...)
/home/runner/.local/lib/python3.12/site-packages/numpy/_core/_methods.py:188: RuntimeWarning: invalid value encountered in subtract
  x = um.subtract(arr, arrmean, out=...)
/home/runner/.local/lib/python3.12/site-packages/numpy/_core/_methods.py:188: RuntimeWarning: invalid value encountered in subtract
  x = um.subtract(arr, arrmean, out=...)
/home/runner/.local/lib/python3.12/site-packages/numpy/_core/_methods.py:188: RuntimeWarning: invalid value encountered in subtract
  x = um.subtract(arr, arrmean, out=...)
/home/runner/.local/lib/python3.12/site-packages/numpy/_core/_methods.py:188: RuntimeWarning: invalid value encountered in subtract
  x = um.subtract(arr, arrmean, out=...)
/home/runner/.local/lib/python3.12/site-packages/numpy/_core/_methods.py:188: RuntimeWarning: invalid value encountered in subtract
  x = um.subtract(arr, arrmean, out=...)
/home/runner/.local/lib/python3.12/site-packages/numpy/_core/_methods.py:188: RuntimeWarning: invalid value encountered in subtract
  x = um.subtract(arr, arrmean, out=...)
/home/runner/.local/lib/python3.12/site-packages/numpy/_core/_methods.py:188: RuntimeWarning: invalid value encountered in subtract
  x = um.subtract(arr, arrmean, out=...)
/home/runner/.local/lib/python3.12/site-packages/numpy/_core/_methods.py:188: RuntimeWarning: invalid value encountered in subtract
  x = um.subtract(arr, arrmean, out=...)
/home/runner/.local/lib/python3.12/site-packages/numpy/_core/_methods.py:188: RuntimeWarning: invalid value encountered in subtract
  x = um.subtract(arr, arrmean, out=...)
/home/runner/.local/lib/python3.12/site-packages/numpy/_core/_methods.py:188: RuntimeWarning: invalid value encountered in subtract
  x = um.subtract(arr, arrmean, out=...)
/home/runner/.local/lib/python3.12/site-packages/numpy/_core/_methods.py:188: RuntimeWarning: invalid value encountered in subtract
  x = um.subtract(arr, arrmean, out=...)
/home/runner/.local/lib/python3.12/site-packages/numpy/_core/_methods.py:188: RuntimeWarning: invalid value encountered in subtract
  x = um.subtract(arr, arrmean, out=...)
/home/runner/.local/lib/python3.12/site-packages/numpy/_core/_methods.py:188: RuntimeWarning: invalid value encountered in subtract
  x = um.subtract(arr, arrmean, out=...)
/home/runner/.local/lib/python3.12/site-packages/numpy/_core/_methods.py:188: RuntimeWarning: invalid value encountered in subtract
  x = um.subtract(arr, arrmean, out=...)
/home/runner/.local/lib/python3.12/site-packages/numpy/_core/_methods.py:188: RuntimeWarning: invalid value encountered in subtract
  x = um.subtract(arr, arrmean, out=...)
/home/runner/.local/lib/python3.12/site-packages/numpy/_core/_methods.py:188: RuntimeWarning: invalid value encountered in subtract
  x = um.subtract(arr, arrmean, out=...)
/home/runner/.local/lib/python3.12/site-packages/numpy/_core/_methods.py:188: RuntimeWarning: invalid value encountered in subtract
  x = um.subtract(arr, arrmean, out=...)
/home/runner/.local/lib/python3.12/site-packages/numpy/_core/_methods.py:188: RuntimeWarning: invalid value encountered in subtract
  x = um.subtract(arr, arrmean, out=...)
/home/runner/.local/lib/python3.12/site-packages/numpy/_core/_methods.py:188: RuntimeWarning: invalid value encountered in subtract
  x = um.subtract(arr, arrmean, out=...)
/home/runner/.local/lib/python3.12/site-packages/numpy/_core/_methods.py:188: RuntimeWarning: invalid value encountered in subtract
  x = um.subtract(arr, arrmean, out=...)
/home/runner/.local/lib/python3.12/site-packages/numpy/_core/_methods.py:188: RuntimeWarning: invalid value encountered in subtract
  x = um.subtract(arr, arrmean, out=...)
/home/runner/.local/lib/python3.12/site-packages/numpy/_core/_methods.py:188: RuntimeWarning: invalid value encountered in subtract
  x = um.subtract(arr, arrmean, out=...)
/home/runner/.local/lib/python3.12/site-packages/numpy/_core/_methods.py:188: RuntimeWarning: invalid value encountered in subtract
  x = um.subtract(arr, arrmean, out=...)
/home/runner/.local/lib/python3.12/site-packages/numpy/_core/_methods.py:188: RuntimeWarning: invalid value encountered in subtract
  x = um.subtract(arr, arrmean, out=...)
/home/runner/.local/lib/python3.12/site-packages/numpy/_core/_methods.py:188: RuntimeWarning: invalid value encountered in subtract
  x = um.subtract(arr, arrmean, out=...)
/home/runner/.local/lib/python3.12/site-packages/numpy/_core/_methods.py:188: RuntimeWarning: invalid value encountered in subtract
  x = um.subtract(arr, arrmean, out=...)
/home/runner/.local/lib/python3.12/site-packages/numpy/_core/_methods.py:188: RuntimeWarning: invalid value encountered in subtract
  x = um.subtract(arr, arrmean, out=...)
/home/runner/.local/lib/python3.12/site-packages/numpy/_core/_methods.py:188: RuntimeWarning: invalid value encountered in subtract
  x = um.subtract(arr, arrmean, out=...)
/home/runner/.local/lib/python3.12/site-packages/numpy/_core/_methods.py:188: RuntimeWarning: invalid value encountered in subtract
  x = um.subtract(arr, arrmean, out=...)
/home/runner/.local/lib/python3.12/site-packages/numpy/_core/_methods.py:188: RuntimeWarning: invalid value encountered in subtract
  x = um.subtract(arr, arrmean, out=...)
/home/runner/.local/lib/python3.12/site-packages/numpy/_core/_methods.py:188: RuntimeWarning: invalid value encountered in subtract
  x = um.subtract(arr, arrmean, out=...)
================================================================================
CONSISTENCY-FOCUSED DECAY PARAMETER OPTIMIZATION
================================================================================

Objective: Maximize Sharpe ratio (mean ROI / std ROI) across validation windows
Method: Rolling window analysis on validation data only
OOS: Completely untouched - used only for final blind test

GA Configuration: Pop=20, Gen=15, Cx=0.7, Mut=0.3

Evaluating initial population...
Initial best fitness: 596.6565


================================================================================
GENERATION 1/15
================================================================================

Best Sharpe-based fitness: inf
Parameters: days=119.8, bump=1.0310, decay_days=236.6, rate=-0.001681

================================================================================
GENERATION 2/15
================================================================================

Best Sharpe-based fitness: inf
Parameters: days=106.1, bump=1.0662, decay_days=273.5, rate=-0.002351

================================================================================
GENERATION 3/15
================================================================================

Best Sharpe-based fitness: inf
Parameters: days=104.1, bump=1.0548, decay_days=296.6, rate=-0.003221

================================================================================
GENERATION 4/15
================================================================================

Best Sharpe-based fitness: inf
Parameters: days=119.8, bump=1.0310, decay_days=236.6, rate=-0.001681

================================================================================
GENERATION 5/15
================================================================================

Best Sharpe-based fitness: inf
Parameters: days=110.0, bump=1.0305, decay_days=256.2, rate=-0.002141

================================================================================
GENERATION 6/15
================================================================================

Best Sharpe-based fitness: inf
Parameters: days=106.8, bump=1.0581, decay_days=269.3, rate=-0.002275

================================================================================
GENERATION 7/15
================================================================================

Best Sharpe-based fitness: inf
Parameters: days=118.1, bump=1.0801, decay_days=253.0, rate=-0.002416

================================================================================
GENERATION 8/15
================================================================================

Best Sharpe-based fitness: inf
Parameters: days=103.4, bump=1.0548, decay_days=244.1, rate=-0.002251

================================================================================
GENERATION 9/15
================================================================================

Best Sharpe-based fitness: inf
Parameters: days=119.9, bump=1.0727, decay_days=234.8, rate=-0.002304

================================================================================
GENERATION 10/15
================================================================================

Best Sharpe-based fitness: inf
Parameters: days=106.6, bump=1.0269, decay_days=242.1, rate=-0.002613

================================================================================
GENERATION 11/15
================================================================================

Best Sharpe-based fitness: inf
Parameters: days=106.6, bump=1.0269, decay_days=242.1, rate=-0.002613

================================================================================
GENERATION 12/15
================================================================================

Best Sharpe-based fitness: inf
Parameters: days=106.6, bump=1.0514, decay_days=255.6, rate=-0.003100

================================================================================
GENERATION 13/15
================================================================================

Best Sharpe-based fitness: inf
Parameters: days=102.6, bump=1.0915, decay_days=275.4, rate=-0.003448

================================================================================
GENERATION 14/15
================================================================================

Best Sharpe-based fitness: inf
Parameters: days=110.5, bump=1.0549, decay_days=229.6, rate=-0.002440

================================================================================
GENERATION 15/15
================================================================================

Best Sharpe-based fitness: inf
Parameters: days=105.4, bump=1.0602, decay_days=228.9, rate=-0.002725

================================================================================
FINAL EVALUATION
================================================================================

Best parameters (by Sharpe ratio):
  Quick succession days: 119.8
  Quick succession bump: 1.0310x
  Decay days: 236.6
  Decay rate: -0.001681
  Fitness (Sharpe): inf

Calculating final validation and OOS metrics...

Validation Performance:
  ROI: inf%
  Accuracy: 48.03%
  Fights: 508

Could not evaluate OOS: 'DATE'
Traceback (most recent call last):
  File "/home/runner/work/elo_research/elo_research/optimize_decay_ga_consistency_final.py", line 367, in <module>
    main()
  File "/home/runner/work/elo_research/elo_research/optimize_decay_ga_consistency_final.py", line 355, in main
    'oos_performance': {'roi': float(oos_roi) if oos_roi else None, 'accuracy': float(oos_acc) if oos_acc else None, 'n_fights': len(oos_results) if oos_results else 0},
                                                                                                                                                     ^^^^^^^^^^^
UnboundLocalError: cannot access local variable 'oos_results' where it is not associated with a value
