Starting GA-based decay parameter optimization
Population: 20, Generations: 15
Parameter Ranges:
  quick_succession_days: 20-120
  quick_succession_bump: 1.01-1.15
  decay_days: 180-720
  decay_rate: 0.0001-0.01

Evaluating initial population...

=== Generation 1/15 ===
Best OOS ROI: 34.54%
Parameters: days=32.5, bump=1.025, decay_days=519.4, rate=0.00400
Validation: ROI=-18.72%, Acc=56.80%, N=375
OOS: ROI=34.54%, Acc=65.31%, N=49

=== Generation 2/15 ===
Best OOS ROI: 42.71%
Parameters: days=22.5, bump=1.072, decay_days=282.9, rate=0.01000
Validation: ROI=-30.62%, Acc=56.80%, N=375
OOS: ROI=42.71%, Acc=67.35%, N=49

=== Generation 3/15 ===
Best OOS ROI: 28.03%
Parameters: days=35.5, bump=1.014, decay_days=58.4, rate=0.00467
Validation: ROI=-26.69%, Acc=56.00%, N=375
OOS: ROI=28.03%, Acc=61.22%, N=49

=== Generation 4/15 ===
Best OOS ROI: 37.56%
Parameters: days=26.5, bump=1.010, decay_days=253.9, rate=0.00991
Validation: ROI=-31.09%, Acc=56.53%, N=375
OOS: ROI=37.56%, Acc=65.31%, N=49

=== Generation 5/15 ===
Best OOS ROI: 42.71%
Parameters: days=22.2, bump=1.061, decay_days=282.7, rate=0.00902
Validation: ROI=-30.55%, Acc=56.80%, N=375
OOS: ROI=42.71%, Acc=67.35%, N=49

=== Generation 6/15 ===
Best OOS ROI: 34.24%
Parameters: days=33.4, bump=1.069, decay_days=279.3, rate=0.01000
Validation: ROI=-31.19%, Acc=56.53%, N=375
OOS: ROI=34.24%, Acc=63.27%, N=49

=== Generation 7/15 ===
Best OOS ROI: 37.56%
Parameters: days=21.3, bump=1.056, decay_days=245.6, rate=0.00970
Validation: ROI=-32.07%, Acc=56.00%, N=375
OOS: ROI=37.56%, Acc=65.31%, N=49

=== Generation 8/15 ===
Best OOS ROI: 26.01%
Parameters: days=23.4, bump=1.030, decay_days=393.0, rate=0.01017
Validation: ROI=-20.35%, Acc=59.73%, N=375
OOS: ROI=26.01%, Acc=63.27%, N=49

=== Generation 9/15 ===
Best OOS ROI: 42.71%
Parameters: days=22.9, bump=1.010, decay_days=282.8, rate=0.00974
Validation: ROI=-31.01%, Acc=56.53%, N=375
OOS: ROI=42.71%, Acc=67.35%, N=49

=== Generation 10/15 ===
Best OOS ROI: 37.56%
Parameters: days=20.0, bump=1.061, decay_days=255.6, rate=0.00915
Validation: ROI=-30.19%, Acc=57.07%, N=375
OOS: ROI=37.56%, Acc=65.31%, N=49

=== Generation 11/15 ===
Best OOS ROI: 34.24%
Parameters: days=21.1, bump=1.010, decay_days=265.6, rate=0.00912
Validation: ROI=-28.15%, Acc=58.13%, N=375
OOS: ROI=34.24%, Acc=63.27%, N=49

=== Generation 12/15 ===
Best OOS ROI: 42.71%
Parameters: days=22.0, bump=1.027, decay_days=282.9, rate=0.00886
Validation: ROI=-30.95%, Acc=56.53%, N=375
OOS: ROI=42.71%, Acc=67.35%, N=49

=== Generation 13/15 ===
Best OOS ROI: 17.87%
Parameters: days=22.5, bump=1.025, decay_days=281.7, rate=0.00010
Validation: ROI=-11.84%, Acc=58.40%, N=375
OOS: ROI=17.87%, Acc=57.14%, N=49

=== Generation 14/15 ===
Best OOS ROI: 42.71%
Parameters: days=22.4, bump=1.023, decay_days=282.8, rate=0.00932
Validation: ROI=-31.54%, Acc=56.27%, N=375
OOS: ROI=42.71%, Acc=67.35%, N=49

=== Generation 15/15 ===
Best OOS ROI: 42.71%
Parameters: days=22.2, bump=1.026, decay_days=282.7, rate=0.00844
Validation: ROI=-30.45%, Acc=56.80%, N=375
OOS: ROI=42.71%, Acc=67.35%, N=49


=== OPTIMIZATION COMPLETE ===

Best Parameters:
  quick_succession_days: 22.3
  quick_succession_bump: 1.0232
  decay_days: 282.8
  decay_rate: 0.008290

Validation Performance:
  ROI: -29.90%
  Accuracy: 57.07%
  Fights: 375

Out-of-Sample Performance:
  ROI: 42.71%
  Accuracy: 67.35%
  Fights: 49

Results saved to decay_ga_optimization_results.json
